<?xml version="1.0" encoding="utf-8"?><testsuites><testsuite name="pytest" errors="0" failures="2" skipped="0" tests="66" time="19.246" timestamp="2025-04-13T02:00:30.041853+00:00" hostname="MahammedTourayPrimeforge"><testcase classname="core.tests.test_api_views" name="test_waitlist_api" time="1.553" /><testcase classname="core.tests.test_api_views" name="test_waitlist_api_failure" time="0.054"><failure message="IndexError: list index out of range">api_client = &lt;rest_framework.test.APIClient object at 0x00000290202A2300&gt;

    @pytest.mark.django_db
    def test_waitlist_api_failure(api_client):
        # Missing both name and email
        response = api_client.post("/api/waitlist/", {"name": "", "email": ""})
        assert response.status_code == 400
        assert "message" in response.data

        # Invalid email format
&gt;       response = api_client.post(
            "/api/waitlist/", {"name": "John Doe", "email": "invalid-email"}
        )

core\tests\test_api_views.py:31:
_ _ _ _ _ _ _ _ _ _ _ _ _ _ _ _ _ _ _ _ _ _ _ _ _ _ _ _ _ _ _ _ _ _ _ _ _ _ _ _ _ _ _ _ _ _ _ _ _ _ _ _ _ _ _ _ _ _ _ _ _ _ _ _ _
.venv\Lib\site-packages\rest_framework\test.py:296: in post
    response = super().post(
.venv\Lib\site-packages\rest_framework\test.py:210: in post
    return self.generic('POST', path, data, content_type, **extra)
.venv\Lib\site-packages\rest_framework\test.py:234: in generic
    return super().generic(
.venv\Lib\site-packages\django\test\client.py:617: in generic
    return self.request(**r)
.venv\Lib\site-packages\rest_framework\test.py:286: in request
    return super().request(**kwargs)
.venv\Lib\site-packages\rest_framework\test.py:238: in request
    request = super().request(**kwargs)
.venv\Lib\site-packages\django\test\client.py:1013: in request
    self.check_exception(response)
.venv\Lib\site-packages\django\test\client.py:743: in check_exception
    raise exc_value
.venv\Lib\site-packages\django\core\handlers\exception.py:55: in inner
    response = get_response(request)
.venv\Lib\site-packages\django\core\handlers\base.py:197: in _get_response
    response = wrapped_callback(request, *callback_args, **callback_kwargs)
.venv\Lib\site-packages\django\views\decorators\csrf.py:65: in _view_wrapper
    return view_func(request, *args, **kwargs)
.venv\Lib\site-packages\django\views\generic\base.py:104: in view
    return self.dispatch(request, *args, **kwargs)
.venv\Lib\site-packages\rest_framework\views.py:509: in dispatch
    response = self.handle_exception(exc)
.venv\Lib\site-packages\rest_framework\views.py:469: in handle_exception
    self.raise_uncaught_exception(exc)
.venv\Lib\site-packages\rest_framework\views.py:480: in raise_uncaught_exception
    raise exc
.venv\Lib\site-packages\rest_framework\views.py:506: in dispatch
    response = handler(request, *args, **kwargs)
core\api_views.py:71: in post
    data.update(dict(serializer.data))
.venv\Lib\site-packages\rest_framework\serializers.py:555: in data
    ret = super().data
.venv\Lib\site-packages\rest_framework\serializers.py:253: in data
    self._data = self.to_representation(self.instance)
.venv\Lib\site-packages\rest_framework\serializers.py:522: in to_representation
    ret[field.field_name] = field.to_representation(attribute)
.venv\Lib\site-packages\rest_framework\fields.py:1838: in to_representation
    return method(value)
core\api_views.py:20: in get_email
    return mask_email(instance.email)
_ _ _ _ _ _ _ _ _ _ _ _ _ _ _ _ _ _ _ _ _ _ _ _ _ _ _ _ _ _ _ _ _ _ _ _ _ _ _ _ _ _ _ _ _ _ _ _ _ _ _ _ _ _ _ _ _ _ _ _ _ _ _ _ _

email = 'invalid-email'

    def mask_email(email: str) -&gt; str | None:
        if not email:
            return None
&gt;       return email[0:1] + "****@" + email.split("@", 1)[1]
E       IndexError: list index out of range

utilities\privacy.py:7: IndexError</failure></testcase><testcase classname="core.tests.test_api_views" name="test_category_api" time="0.014" /><testcase classname="core.tests.test_api_views" name="test_category_api_failure" time="0.025" /><testcase classname="core.tests.test_api_views" name="test_feedback_api" time="0.021" /><testcase classname="core.tests.test_api_views" name="test_feedback_api_failure" time="0.009"><failure message="assert 200 == 400&#10; +  where 200 = &lt;Response status_code=200, &quot;application/json&quot;&gt;.status_code">api_client = &lt;rest_framework.test.APIClient object at 0x00000290201BC4A0&gt;

    @pytest.mark.django_db
    def test_feedback_api_failure(api_client):
        # Missing required fields
        response = api_client.post(
            "/api/feedbacks/",
            {"message": "", "author_name": ""},
        )
&gt;       assert response.status_code == 400
E       assert 200 == 400
E        +  where 200 = &lt;Response status_code=200, "application/json"&gt;.status_code

core\tests\test_api_views.py:95: AssertionError</failure></testcase><testcase classname="core.tests.test_models" name="test_waitlist_model" time="0.002" /><testcase classname="core.tests.test_models" name="test_category_model" time="0.002" /><testcase classname="core.tests.test_models" name="test_feedback_model" time="0.001" /><testcase classname="core.tests.test_models" name="test_waitlist_model_failure" time="0.003" /><testcase classname="core.tests.test_models" name="test_category_model_failure" time="0.002" /><testcase classname="core.tests.test_models" name="test_feedback_model_failure" time="0.003" /><testcase classname="talents.tests.test_certificate_api.TestCertificateAPI" name="test_get_certificates" time="0.402" /><testcase classname="talents.tests.test_certificate_api.TestCertificateAPI" name="test_post_certificate" time="0.414" /><testcase classname="talents.tests.test_certificate_api.TestCertificateAPI" name="test_put_certificate" time="0.364" /><testcase classname="talents.tests.test_certificate_api.TestCertificateAPI" name="test_delete_certificate" time="0.351" /><testcase classname="talents.tests.test_certificate_api.TestCertificateAPI" name="test_published_certificate" time="0.687" /><testcase classname="talents.tests.test_certificate_api.TestCertificateAPI" name="test_unauthorized_access" time="0.351" /><testcase classname="talents.tests.test_certificate_api.TestCertificateAPI" name="test_invalid_certificate_data" time="0.347" /><testcase classname="talents.tests.test_certificate_model.CertificateModelTestCase" name="test_certificate_creation" time="0.002" /><testcase classname="talents.tests.test_certificate_model.CertificateModelTestCase" name="test_certificate_fields" time="0.002" /><testcase classname="talents.tests.test_certificate_model.CertificateModelTestCase" name="test_public_id_generation" time="0.002" /><testcase classname="talents.tests.test_certificate_model.CertificateModelTestCase" name="test_required_fields" time="0.003" /><testcase classname="talents.tests.test_certificate_model.CertificateModelTestCase" name="test_timestamps" time="0.017" /><testcase classname="talents.tests.test_education_api.TalentEducationAPIViewTest" name="test_create_education_max_limit" time="0.494" /><testcase classname="talents.tests.test_education_api.TalentEducationAPIViewTest" name="test_delete_education" time="0.357" /><testcase classname="talents.tests.test_education_api.TalentEducationAPIViewTest" name="test_get_education" time="0.346" /><testcase classname="talents.tests.test_education_api.TalentEducationAPIViewTest" name="test_invalid_data_creation" time="0.348" /><testcase classname="talents.tests.test_education_api.TalentEducationAPIViewTest" name="test_post_education" time="0.354" /><testcase classname="talents.tests.test_education_api.TalentEducationAPIViewTest" name="test_published_education" time="0.681" /><testcase classname="talents.tests.test_education_api.TalentEducationAPIViewTest" name="test_put_education" time="0.355" /><testcase classname="talents.tests.test_education_api.TalentEducationAPIViewTest" name="test_unauthorized_access" time="0.348" /><testcase classname="talents.tests.test_education_api.TalentEducationAPIViewTest" name="test_updating_other_users_education" time="0.688" /><testcase classname="talents.tests.test_education_model.EducationModelTest" name="test_certificate_fields" time="0.033" /><testcase classname="talents.tests.test_education_model.EducationModelTest" name="test_create_education" time="0.002" /><testcase classname="talents.tests.test_education_model.EducationModelTest" name="test_education_dates_validation" time="0.002" /><testcase classname="talents.tests.test_education_model.EducationModelTest" name="test_education_str_method" time="0.002" /><testcase classname="talents.tests.test_portfolio_api.TalentPortfolioAPITestCase" name="test_delete_portfolio" time="0.388" /><testcase classname="talents.tests.test_portfolio_api.TalentPortfolioAPITestCase" name="test_delete_portfolio_non_existent" time="0.349" /><testcase classname="talents.tests.test_portfolio_api.TalentPortfolioAPITestCase" name="test_delete_portfolio_other_user" time="0.685" /><testcase classname="talents.tests.test_portfolio_api.TalentPortfolioAPITestCase" name="test_get_portfolio" time="0.350" /><testcase classname="talents.tests.test_portfolio_api.TalentPortfolioAPITestCase" name="test_get_portfolio_unauthorized" time="0.345" /><testcase classname="talents.tests.test_portfolio_api.TalentPortfolioAPITestCase" name="test_post_portfolio" time="0.345" /><testcase classname="talents.tests.test_portfolio_api.TalentPortfolioAPITestCase" name="test_post_portfolio_invalid_data" time="0.378" /><testcase classname="talents.tests.test_portfolio_api.TalentPortfolioAPITestCase" name="test_published_portfolio" time="0.693" /><testcase classname="talents.tests.test_portfolio_api.TalentPortfolioAPITestCase" name="test_put_portfolio" time="0.355" /><testcase classname="talents.tests.test_portfolio_api.TalentPortfolioAPITestCase" name="test_put_portfolio_non_existent" time="0.358" /><testcase classname="talents.tests.test_portfolio_api.TalentPortfolioAPITestCase" name="test_put_portfolio_other_user" time="0.684" /><testcase classname="talents.tests.test_portfolio_model.PortfolioModelTestCase" name="test_portfolio_creation" time="0.128" /><testcase classname="talents.tests.test_portfolio_model.PortfolioModelTestCase" name="test_portfolio_fields" time="0.002" /><testcase classname="talents.tests.test_portfolio_model.PortfolioModelTestCase" name="test_portfolio_name_max_length" time="0.002" /><testcase classname="talents.tests.test_portfolio_model.PortfolioModelTestCase" name="test_public_id_generation" time="0.002" /><testcase classname="talents.tests.test_portfolio_model.PortfolioModelTestCase" name="test_required_fields" time="0.003" /><testcase classname="talents.tests.test_portfolio_model.PortfolioModelTestCase" name="test_timestamps" time="0.036" /><testcase classname="talents.tests.test_talent_api.TalentAPITest" name="test_delete_talent" time="0.390" /><testcase classname="talents.tests.test_talent_api.TalentAPITest" name="test_get_talent_detail" time="0.371" /><testcase classname="talents.tests.test_talent_api.TalentAPITest" name="test_get_talent_list" time="0.355" /><testcase classname="talents.tests.test_talent_api.TalentAPITest" name="test_post_talent" time="0.360" /><testcase classname="talents.tests.test_talent_api.TalentAPITest" name="test_put_talent" time="0.372" /><testcase classname="talents.tests.test_talent_api.TalentAPITest" name="test_unauthorized_access" time="0.353" /><testcase classname="talents.tests.test_talent_api.TalentAPITest" name="test_update_other_user_talent" time="0.688" /><testcase classname="talents.tests.test_talent_model.TalentModelTest" name="test_average_rating" time="0.709" /><testcase classname="talents.tests.test_talent_model.TalentModelTest" name="test_talent_creation" time="0.330" /><testcase classname="talents.tests.test_talent_model.TalentModelTest" name="test_talent_fields" time="0.334" /><testcase classname="talents.tests.test_talent_model.TalentModelTest" name="test_talent_properties" time="0.336" /><testcase classname="talents.tests.test_talent_model.TalentModelTest" name="test_user_fields" time="0.533" /></testsuite></testsuites>
